<teiCorpus xmlns="http://www.tei-c.org/ns/1.0" xmlns:cb="http://www.cbeta.org/ns/1.0">
  <teiHeader>
    <fileDesc>
      <titleStmt>
        <title/>
        <author/>
      </titleStmt>
      <publicationStmt>
        <p>Compiled from source TEI document(s) published by CBETA.</p>
      </publicationStmt>
      <sourceDesc>
        <bibl>CBETA TEI document(s).</bibl>
      </sourceDesc>
    </fileDesc>
  </teiHeader>
  <TEI xml:id="T01n0001">
    <teiHeader>
      <fileDesc>
        <titleStmt>
          <title/>
        </titleStmt>
      </fileDesc>
    </teiHeader>
    <text>
      <body>
        <cb:div type="jing">
          <p>T0001-1.</p>
        </cb:div>
      </body>
    </text>
  </TEI>
<TEI>
    <teiHeader>
      <fileDesc>
        <titleStmt>
          <title/>
        </titleStmt>
      </fileDesc>
    </teiHeader>
    <text>
      <body>
        <cb:div type="jing">
          <p>T0001-2.</p>
        </cb:div>
      </body>
    </text>
  </TEI>
</teiCorpus>
