ngram,size,work,siglum,count,label
L,1,B,wit1,1,B
L,1,B,wit2,2,B
