ngram,size,work,siglum,count,label
B,1,B,wit1,1,B
G,1,B,wit1,1,B
