ngram,size,work,siglum,count,label
M,1,C,wit1,1,C
