ngram,size,work,siglum,count,label
C,1,C,wit1,1,C
C,1,F,wit1,2,C
H,1,C,wit1,1,C
