ngram,size,work,siglum,count,label
N,1,D,wit1,1,D
