ngram,size,work,siglum,count,label
L,1,E,wit1,1,E
M,1,E,wit1,1,E
N,1,E,wit1,1,E
