ngram,size,work,siglum,count,label
E,1,E,wit1,1,E
O,1,E,wit1,1,E
