<!DOCTYPE html>
<html>
  <head>
    <meta charset="UTF-8" />
    <title>Lifetime Report (focus on A)</title>
    <style>
      table { border-collapse: collapse; }
      th, td { border: 1px solid black; padding: 1em; }
    </style>
  </head>
  <body>
    <h1>Lifetime Report (focus on A)</h1>

    <p>The tables in this report show the lifetime of n-grams within
    the following labelled corpora (bolded corpus being the
    focus):</p>

    <ul>
      
      <li><strong>A</strong></li>
      
      <li>B</li>
      
      <li>C</li>
      
      <li>D</li>
      
      <li>E</li>
      
    </ul>

    <p>Tables in this report:</p>

    <ul>
      <li><a href="#ngram-table">Occurrences of each n-gram across corpora</a></li>
      <li><a href="#corpus-table">N-grams occurring for the first, last, or only time in each corpus</a></li>
    </ul>

    <h2>Occurrences of each n-gram across corpora</h2>

    <p>The counts given after each work are the range attested across
    all witnesses of the work.</p>

    <table id="ngram-table">
      <thead>
        <tr>
          <th scope="col">N-gram</th>
          
          <th scope="col">A</th>
          
          <th scope="col">B</th>
          
          <th scope="col">C</th>
          
          <th scope="col">D</th>
          
          <th scope="col">E</th>
          
        </tr>
      </thead>
      <tbody>
        <tr>
<td>A</td>
<td>A (1)</td>
<td></td>
<td></td>
<td></td>
<td></td>
</tr>
<tr>
<td>B</td>
<td></td>
<td>B (1)</td>
<td></td>
<td></td>
<td></td>
</tr>
<tr>
<td>C</td>
<td></td>
<td></td>
<td>C (1); F (2)</td>
<td></td>
<td></td>
</tr>
<tr>
<td>D</td>
<td></td>
<td></td>
<td></td>
<td>D (1)</td>
<td></td>
</tr>
<tr>
<td>E</td>
<td></td>
<td></td>
<td></td>
<td></td>
<td>E (1)</td>
</tr>
<tr>
<td>F</td>
<td>A (1)</td>
<td></td>
<td></td>
<td></td>
<td></td>
</tr>
<tr>
<td>G</td>
<td></td>
<td>B (1)</td>
<td></td>
<td></td>
<td></td>
</tr>
<tr>
<td>H</td>
<td></td>
<td></td>
<td>C (1)</td>
<td></td>
<td></td>
</tr>
<tr>
<td>I</td>
<td></td>
<td></td>
<td></td>
<td>D (1)</td>
<td></td>
</tr>
<tr>
<td>L</td>
<td></td>
<td>B (1â€“2)</td>
<td>C (1)</td>
<td>D (1)</td>
<td>E (1)</td>
</tr>
<tr>
<td>M</td>
<td></td>
<td></td>
<td>C (1)</td>
<td>D (1)</td>
<td>E (1)</td>
</tr>
<tr>
<td>N</td>
<td></td>
<td></td>
<td></td>
<td>D (1)</td>
<td>E (1)</td>
</tr>
<tr>
<td>O</td>
<td></td>
<td></td>
<td></td>
<td></td>
<td>E (1)</td>
</tr>
      </tbody>
    </table>

    <h2>N-grams occurring for the first, last, or only time in each corpus</h2>

    <table id="corpus-table">
      <thead>
        <tr>
          <th scope="col">Corpus</th>
          <th scope="col">First occurred</th>
          <th scope="col">Only occurred</th>
          <th scope="col">Last occurred</th>
        </tr>
      </thead>
      <tbody>
        <tr>
<td>A</td>
<td></td>
<td>A, F</td>
<td></td>
</tr>
<tr>
<td>B</td>
<td>L</td>
<td>B, G</td>
<td></td>
</tr>
<tr>
<td>C</td>
<td>M</td>
<td>C, H</td>
<td></td>
</tr>
<tr>
<td>D</td>
<td>N</td>
<td>D, I</td>
<td></td>
</tr>
<tr>
<td>E</td>
<td></td>
<td>E, O</td>
<td>L, M, N</td>
</tr>
      </tbody>
    </table>
  </body>
</html>