text that serves as a test for splitting a text into
multiple parts based on